date,proj1,proj2,proj1:subproj,proj1:subproj2
2023-06-28,0.5,1.0,1.0
2023-06-29,1.5,0.0,1.0,0.5
