---
status: progress
tomatosPerDay: 2
reportKey: repKey1
priority: 3
doneToday: 0
pageType: project
---

Bla bla bla content

## Header2

| col1 | col2 |
| ---- | ---- |
