---
status: hold
tomatosPerDay: 8
reportKey: repKeySub
priority: 2
myProj1_sub_done_today: 0
myProj2_sub_done_today: 0
other_sub_done_today: 0
pageType: project
workIfTrue: (new Date()).getDay() == 6
---

## Something here to show as well
